// Bun Snapshot v1, https://goo.gl/fbAQLP

exports[`preloadRouteAssets should add the Link headers: "</styles.css>; rel=preload; as=style, </manifest.js>; rel=preload; as=script; crossorigin=anonymous, </entry.client.js>; rel=preload; as=script; crossorigin=anonymous, </chunk-1.js>; rel=preload; as=script; crossorigin=anonymous, </chunk-2.js>; rel=preload; as=script; crossorigin=anonymous, </root.js>; rel=preload; as=script; crossorigin=anonymous, </chunk-3.js>; rel=preload; as=script; crossorigin=anonymous, </chunk-4.js>; rel=preload; as=script; crossorigin=anonymous, </routes/index.js>; rel=preload; as=script; crossorigin=anonymous, </chunk-5.js>; rel=preload; as=script; crossorigin=anonymous" 1`] = `"</styles.css>; rel=preload; as=style, </manifest.js>; rel=preload; as=script; crossorigin=anonymous, </entry.client.js>; rel=preload; as=script; crossorigin=anonymous, </chunk-1.js>; rel=preload; as=script; crossorigin=anonymous, </chunk-2.js>; rel=preload; as=script; crossorigin=anonymous, </root.js>; rel=preload; as=script; crossorigin=anonymous, </chunk-3.js>; rel=preload; as=script; crossorigin=anonymous, </chunk-4.js>; rel=preload; as=script; crossorigin=anonymous, </routes/index.js>; rel=preload; as=script; crossorigin=anonymous, </chunk-5.js>; rel=preload; as=script; crossorigin=anonymous"`;

exports[`preloadRouteAssets should respect manually added Link headers: "</custom.js>; rel=preload; as=script, </styles.css>; rel=preload; as=style, </manifest.js>; rel=preload; as=script; crossorigin=anonymous, </entry.client.js>; rel=preload; as=script; crossorigin=anonymous, </chunk-1.js>; rel=preload; as=script; crossorigin=anonymous, </chunk-2.js>; rel=preload; as=script; crossorigin=anonymous, </root.js>; rel=preload; as=script; crossorigin=anonymous, </chunk-3.js>; rel=preload; as=script; crossorigin=anonymous, </chunk-4.js>; rel=preload; as=script; crossorigin=anonymous, </routes/index.js>; rel=preload; as=script; crossorigin=anonymous, </chunk-5.js>; rel=preload; as=script; crossorigin=anonymous" 1`] = `"</custom.js>; rel=preload; as=script, </styles.css>; rel=preload; as=style, </manifest.js>; rel=preload; as=script; crossorigin=anonymous, </entry.client.js>; rel=preload; as=script; crossorigin=anonymous, </chunk-1.js>; rel=preload; as=script; crossorigin=anonymous, </chunk-2.js>; rel=preload; as=script; crossorigin=anonymous, </root.js>; rel=preload; as=script; crossorigin=anonymous, </chunk-3.js>; rel=preload; as=script; crossorigin=anonymous, </chunk-4.js>; rel=preload; as=script; crossorigin=anonymous, </routes/index.js>; rel=preload; as=script; crossorigin=anonymous, </chunk-5.js>; rel=preload; as=script; crossorigin=anonymous"`;
